// Jest Snapshot v1, https://goo.gl/fbAQLP

exports[`Login matches snapshot 1`] = `
<DocumentFragment>
  <div
    class="Login-background"
  >
    <div
      class="Login"
    >
      <h1
        class="Login-header"
      >
        Welcome to the Prayer Room 
      </h1>
      <h2
        class="Login-header"
      >
        Come pray the rosary with us
      </h2>
      <form
        class="AuthForm-form"
      >
        <div
          class="mb-3"
        >
          <label
            class="AuthForm-label form-label"
            for="username"
          >
            Username
          </label>
          <input
            autocomplete="username"
            class="AuthForm-input form-control"
            id="username"
            name="username"
            placeholder="......."
            type="text"
            value=""
          />
        </div>
        <div
          class="mb-3"
        >
          <label
            class="AuthForm-label form-label"
          >
            Password
          </label>
          <input
            autocomplete="current-password"
            class="AuthForm-input form-control"
            id="password"
            name="password"
            placeholder="......."
            type="password"
            value=""
          />
        </div>
        <button
          class="AuthForm-btn btn btn-dark"
          type="button"
        >
          Join
        </button>
      </form>
      <span
        class="Login-check"
      >
        Dont have an account? 
        <a
          class="Login-link"
          href="/signup"
        >
          Sign up
        </a>
      </span>
    </div>
  </div>
</DocumentFragment>
`;
