// Jest Snapshot v1, https://goo.gl/fbAQLP

exports[`UserNotes matches snapshot 1`] = `
<DocumentFragment>
  <div
    class="UserNotes-container"
  >
    <div
      class="UserNotes-list"
    >
      <h1>
        Your Prayer Notes
      </h1>
      <div>
        <button
          class="UserNotes-search btn btn-dark"
          type="button"
        >
          Search Dates
        </button>
      </div>
      <h3>
        You haven't added any notes here yet
      </h3>
    </div>
  </div>
</DocumentFragment>
`;
