// Jest Snapshot v1, https://goo.gl/fbAQLP

exports[`AuthForm matches snapshot 1`] = `
<DocumentFragment>
  <form
    class="AuthForm-form"
  >
    <div
      class="mb-3"
    >
      <label
        class="AuthForm-label form-label"
        for="username"
      >
        Username
      </label>
      <input
        autocomplete="username"
        class="AuthForm-input form-control"
        id="username"
        name="username"
        placeholder="......."
        type="text"
        value=""
      />
    </div>
    <div
      class="mb-3"
    >
      <label
        class="AuthForm-label form-label"
      >
        Password
      </label>
      <input
        autocomplete="current-password"
        class="AuthForm-input form-control"
        id="password"
        name="password"
        placeholder="......."
        type="password"
        value=""
      />
    </div>
    <button
      class="AuthForm-btn btn btn-dark"
      type="button"
    >
      Join
    </button>
  </form>
</DocumentFragment>
`;
