// Jest Snapshot v1, https://goo.gl/fbAQLP

exports[`NotesForm matches snapshot 1`] = `
<DocumentFragment>
  <form
    class=""
  >
    <div
      class="mb-3"
    >
      <label
        class="NotesForm-label form-label"
        for="notes"
      >
        Notes
      </label>
      <textarea
        class="NotesForm-input form-control"
        cols="100"
        id="notes"
        name="notes"
        rows="15"
      />
    </div>
    <div
      class="mb-3"
    >
      <label
        class="NotesForm-label form-label"
        for="marker"
      >
        Prayed today?
      </label>
      <div
        class=""
      >
        <input
          class="form-check-input"
          id="marker"
          name="marker"
          type="checkbox"
          value="false"
        />
      </div>
    </div>
    <button
      class="btn btn-secondary"
      type="button"
    >
      Submit
    </button>
  </form>
</DocumentFragment>
`;
